  蠕ｩ蜈・ｯｾ雎｡縺ｮ繝励Ο繧ｸ繧ｧ繧ｯ繝医ｒ豎ｺ螳壹＠縺ｦ縺・∪縺・..
C:\Projects\KoImageViewer\KoImageViewer.csproj : warning NU1903: 繝代ャ繧ｱ繝ｼ繧ｸ 'SixLabors.ImageSharp' 3.1.5 縺ｫ譌｢遏･縺ｮ 鬮・驥榊､ｧ蠎ｦ縺ｮ閼・ｼｱ諤ｧ縺後≠繧翫∪縺吶”ttps://github.com/advisories/GHSA-2cmq-823j-5qj8
C:\Projects\KoImageViewer\KoImageViewer.csproj : warning NU1902: 繝代ャ繧ｱ繝ｼ繧ｸ 'SixLabors.ImageSharp' 3.1.5 縺ｫ譌｢遏･縺ｮ 荳ｭ 驥榊､ｧ蠎ｦ縺ｮ閼・ｼｱ諤ｧ縺後≠繧翫∪縺吶”ttps://github.com/advisories/GHSA-rxmq-m78w-7wmc
  蠕ｩ蜈・ｯｾ雎｡縺ｮ縺吶∋縺ｦ縺ｮ繝励Ο繧ｸ繧ｧ繧ｯ繝医・譛譁ｰ縺ｧ縺吶・
C:\Projects\KoImageViewer\KoImageViewer.csproj : warning NU1903: 繝代ャ繧ｱ繝ｼ繧ｸ 'SixLabors.ImageSharp' 3.1.5 縺ｫ譌｢遏･縺ｮ 鬮・驥榊､ｧ蠎ｦ縺ｮ閼・ｼｱ諤ｧ縺後≠繧翫∪縺吶”ttps://github.com/advisories/GHSA-2cmq-823j-5qj8
C:\Projects\KoImageViewer\KoImageViewer.csproj : warning NU1902: 繝代ャ繧ｱ繝ｼ繧ｸ 'SixLabors.ImageSharp' 3.1.5 縺ｫ譌｢遏･縺ｮ 荳ｭ 驥榊､ｧ蠎ｦ縺ｮ閼・ｼｱ諤ｧ縺後≠繧翫∪縺吶”ttps://github.com/advisories/GHSA-rxmq-m78w-7wmc
C:\Projects\KoImageViewer\KoImageViewer_h3abii4t_wpftmp.csproj : warning NU1903: 繝代ャ繧ｱ繝ｼ繧ｸ 'SixLabors.ImageSharp' 3.1.5 縺ｫ譌｢遏･縺ｮ 鬮・驥榊､ｧ蠎ｦ縺ｮ閼・ｼｱ諤ｧ縺後≠繧翫∪縺吶”ttps://github.com/advisories/GHSA-2cmq-823j-5qj8
C:\Projects\KoImageViewer\KoImageViewer_h3abii4t_wpftmp.csproj : warning NU1902: 繝代ャ繧ｱ繝ｼ繧ｸ 'SixLabors.ImageSharp' 3.1.5 縺ｫ譌｢遏･縺ｮ 荳ｭ 驥榊､ｧ蠎ｦ縺ｮ閼・ｼｱ諤ｧ縺後≠繧翫∪縺吶”ttps://github.com/advisories/GHSA-rxmq-m78w-7wmc
C:\Projects\KoImageViewer\ViewModels\MainViewModel.cs(48,17): error CS0102: 蝙・'MainViewModel' 縺ｯ譌｢縺ｫ '_currentImageIndex' 縺ｮ螳夂ｾｩ繧貞性繧薙〒縺・∪縺・[C:\Projects\KoImageViewer\KoImageViewer_h3abii4t_wpftmp.csproj]

繝薙Ν繝峨↓螟ｱ謨励＠縺ｾ縺励◆縲・

C:\Projects\KoImageViewer\KoImageViewer.csproj : warning NU1903: 繝代ャ繧ｱ繝ｼ繧ｸ 'SixLabors.ImageSharp' 3.1.5 縺ｫ譌｢遏･縺ｮ 鬮・驥榊､ｧ蠎ｦ縺ｮ閼・ｼｱ諤ｧ縺後≠繧翫∪縺吶”ttps://github.com/advisories/GHSA-2cmq-823j-5qj8
C:\Projects\KoImageViewer\KoImageViewer.csproj : warning NU1902: 繝代ャ繧ｱ繝ｼ繧ｸ 'SixLabors.ImageSharp' 3.1.5 縺ｫ譌｢遏･縺ｮ 荳ｭ 驥榊､ｧ蠎ｦ縺ｮ閼・ｼｱ諤ｧ縺後≠繧翫∪縺吶”ttps://github.com/advisories/GHSA-rxmq-m78w-7wmc
C:\Projects\KoImageViewer\KoImageViewer.csproj : warning NU1903: 繝代ャ繧ｱ繝ｼ繧ｸ 'SixLabors.ImageSharp' 3.1.5 縺ｫ譌｢遏･縺ｮ 鬮・驥榊､ｧ蠎ｦ縺ｮ閼・ｼｱ諤ｧ縺後≠繧翫∪縺吶”ttps://github.com/advisories/GHSA-2cmq-823j-5qj8
C:\Projects\KoImageViewer\KoImageViewer.csproj : warning NU1902: 繝代ャ繧ｱ繝ｼ繧ｸ 'SixLabors.ImageSharp' 3.1.5 縺ｫ譌｢遏･縺ｮ 荳ｭ 驥榊､ｧ蠎ｦ縺ｮ閼・ｼｱ諤ｧ縺後≠繧翫∪縺吶”ttps://github.com/advisories/GHSA-rxmq-m78w-7wmc
C:\Projects\KoImageViewer\KoImageViewer_h3abii4t_wpftmp.csproj : warning NU1903: 繝代ャ繧ｱ繝ｼ繧ｸ 'SixLabors.ImageSharp' 3.1.5 縺ｫ譌｢遏･縺ｮ 鬮・驥榊､ｧ蠎ｦ縺ｮ閼・ｼｱ諤ｧ縺後≠繧翫∪縺吶”ttps://github.com/advisories/GHSA-2cmq-823j-5qj8
C:\Projects\KoImageViewer\KoImageViewer_h3abii4t_wpftmp.csproj : warning NU1902: 繝代ャ繧ｱ繝ｼ繧ｸ 'SixLabors.ImageSharp' 3.1.5 縺ｫ譌｢遏･縺ｮ 荳ｭ 驥榊､ｧ蠎ｦ縺ｮ閼・ｼｱ諤ｧ縺後≠繧翫∪縺吶”ttps://github.com/advisories/GHSA-rxmq-m78w-7wmc
C:\Projects\KoImageViewer\ViewModels\MainViewModel.cs(48,17): error CS0102: 蝙・'MainViewModel' 縺ｯ譌｢縺ｫ '_currentImageIndex' 縺ｮ螳夂ｾｩ繧貞性繧薙〒縺・∪縺・[C:\Projects\KoImageViewer\KoImageViewer_h3abii4t_wpftmp.csproj]
    6 蛟九・隴ｦ蜻・
    1 繧ｨ繝ｩ繝ｼ

邨碁℃譎る俣 00:00:01.12
